npm warn EBADENGINE Unsupported engine {
npm warn EBADENGINE   package: 'puppeteer@25.10.0',
npm warn EBADENGINE   required: { node: '>=22.12.0' },
npm warn EBADENGINE   current: { node: 'v20.20.2', npm: '10.8.2' }
npm warn EBADENGINE }
npm warn EBADENGINE Unsupported engine {
npm warn EBADENGINE   package: '@puppeteer/browsers@3.2.2',
npm warn EBADENGINE   required: { node: '>=22.12.0' },
npm warn EBADENGINE   current: { node: 'v20.20.2', npm: '10.8.2' }
npm warn EBADENGINE }
npm warn EBADENGINE Unsupported engine {
npm warn EBADENGINE   package: 'puppeteer-core@25.10.0',
npm warn EBADENGINE   required: { node: '>=22.12.0' },
npm warn EBADENGINE   current: { node: 'v20.20.2', npm: '10.8.2' }
npm warn EBADENGINE }
npm error code EUSAGE
npm error
npm error `npm ci` can only install packages when your package.json and package-lock.json or npm-shrinkwrap.json are in sync. Please update your lock file with `npm install` before continuing.
npm error
npm error Invalid: lock file's puppeteer@24.43.1 does not satisfy puppeteer@25.10.0
npm error Invalid: lock file's puppeteer-chromium-resolver@23.0.0 does not satisfy puppeteer-chromium-resolver@25.0.0
npm error Invalid: lock file's @puppeteer/browsers@2.13.2 does not satisfy @puppeteer/browsers@3.2.2
npm error Invalid: lock file's chromium-bidi@14.0.0 does not satisfy chromium-bidi@17.0.2
npm error Invalid: lock file's devtools-protocol@0.0.1608973 does not satisfy devtools-protocol@0.0.1666840
npm error Missing: lilconfig@3.1.3 from lock file
npm error Invalid: lock file's puppeteer-core@24.43.1 does not satisfy puppeteer-core@25.10.0
npm error Missing: modern-tar@0.8.5 from lock file
npm error Missing: yargs@18.1.0 from lock file
npm error Missing: cli-progress@3.12.0 from lock file
npm error Invalid: lock file's webdriver-bidi-protocol@0.4.1 does not satisfy webdriver-bidi-protocol@0.4.3
npm error Invalid: lock file's ws@8.21.0 does not satisfy ws@8.21.3
npm error Missing: cliui@9.0.1 from lock file
npm error Missing: string-width@8.2.2 from lock file
npm error Missing: yargs-parser@22.0.0 from lock file
npm error Missing: string-width@7.2.0 from lock file
npm error Missing: strip-ansi@7.2.0 from lock file
npm error Missing: wrap-ansi@9.0.2 from lock file
npm error Missing: get-east-asian-width@1.6.0 from lock file
npm error Missing: ansi-regex@6.3.0 from lock file
npm error Missing: ansi-styles@6.2.3 from lock file
npm error Missing: string-width@7.2.0 from lock file
npm error Missing: emoji-regex@10.6.0 from lock file
npm error
npm error Clean install a project
npm error
npm error Usage:
npm error npm ci
npm error
npm error Options:
npm error [--install-strategy <hoisted|nested|shallow|linked>] [--legacy-bundling]
npm error [--global-style] [--omit <dev|optional|peer> [--omit <dev|optional|peer> ...]]
npm error [--include <prod|dev|optional|peer> [--include <prod|dev|optional|peer> ...]]
npm error [--strict-peer-deps] [--foreground-scripts] [--ignore-scripts] [--no-audit]
npm error [--no-bin-links] [--no-fund] [--dry-run]
npm error [-w|--workspace <workspace-name> [-w|--workspace <workspace-name> ...]]
npm error [-ws|--workspaces] [--include-workspace-root] [--install-links]
npm error
npm error aliases: clean-install, ic, install-clean, isntall-clean
npm error
npm error Run "npm help ci" for more info
npm error A complete log of this run can be found in: /home/wolfy/.npm/_logs/2026-09-12T14_54_24_066Z-debug-0.log
