base-commit=766a00bd15dd2f021a9aa835aa9e4f0151e27b3e
evidence-checkpoint=red-001-core-clean-install
date=2026-09-12T16:28:32+00:00
working-directory=core
node=v24.19.0
npm=11.17.0
registry=https://registry.npmjs.org/
command=npm ci --ignore-scripts --no-audit --no-fund
lifecycle-scripts=disabled
lock-before=f58106181d204060082a4d41f19665856c2debc46fac4677dec7f9251e611398

npm warn deprecated inflight@1.0.6: This module is not supported, and leaks memory. Do not use it. Check out lru-cache if you want a good and tested way to coalesce async requests by a key value, which is much more comprehensive and powerful.
npm warn deprecated @npmcli/move-file@1.1.2: This functionality has been moved to @npmcli/fs
npm warn deprecated npmlog@6.0.2: This package is no longer supported.
npm warn deprecated @humanwhocodes/config-array@0.13.0: Use @eslint/config-array instead
npm warn deprecated rimraf@3.0.2: Rimraf versions prior to v4 are no longer supported
npm warn deprecated abab@2.0.6: Use your platform's native atob() and btoa() methods instead
npm warn deprecated whatwg-encoding@3.1.1: Use @exodus/bytes instead for a more spec-conformant and faster implementation
npm warn deprecated glob@7.2.3: Old versions of glob are not supported, and contain widely publicized security vulnerabilities, which have been fixed in the current version. Please update. Support for old versions may be purchased (at exorbitant rates) by contacting i@izs.me
npm warn deprecated whatwg-encoding@2.0.0: Use @exodus/bytes instead for a more spec-conformant and faster implementation
npm warn deprecated prebuild-install@7.1.3: No longer maintained. Please contact the author of the relevant native addon; alternatives are available.
npm warn deprecated @humanwhocodes/object-schema@2.0.3: Use @eslint/object-schema instead
npm warn deprecated are-we-there-yet@3.0.1: This package is no longer supported.
npm warn deprecated domexception@4.0.0: Use your platform's native DOMException instead
npm warn deprecated gauge@4.0.4: This package is no longer supported.
npm warn deprecated node-domexception@1.0.0: Use your platform's native DOMException instead
npm warn deprecated uuid@9.0.1: uuid@10 and below is no longer supported.  For ESM codebases, update to uuid@latest.  For CommonJS codebases, use uuid@11 (but be aware this version will likely be deprecated in 2028).
npm warn deprecated vectordb@0.4.20: Use @lancedb/lancedb instead.
npm warn deprecated eslint@8.57.1: This version is no longer supported. Please see https://eslint.org/version-support for other options.

added 1348 packages in 41s

lock-after=f58106181d204060082a4d41f19665856c2debc46fac4677dec7f9251e611398
